[2026-07-22 22:23:03,133] INFO [visioninspect:57] - Logging infrastructure initialized successfully.
[2026-07-22 22:24:00,691] INFO [visioninspect:57] - Logging infrastructure initialized successfully.
[2026-07-22 22:24:51,188] INFO [visioninspect.ai:23] - YOLO model loaded successfully from yolov8n.pt.
[2026-07-22 22:24:52,335] INFO [visioninspect.database:50] - Database tables initialized successfully.
[2026-07-22 22:24:53,033] INFO [visioninspect.main:80] - Seeding default admin user.
[2026-07-22 22:24:53,510] INFO [visioninspect.main:101] - Seeding default production lines.
[2026-07-22 22:24:53,546] ERROR [visioninspect.main:182] - Error seeding database: (sqlite3.OperationalError) no such column: inspections.mongo_metadata_id
[SQL: SELECT count(*) AS count_1 
FROM (SELECT inspections.id AS inspections_id, inspections.filename AS inspections_filename, inspections.prediction AS inspections_prediction, inspections.defect_type AS inspections_defect_type, inspections.severity_level AS inspections_severity_level, inspections.score AS inspections_score, inspections.heatmap_url AS inspections_heatmap_url, inspections.batch_number AS inspections_batch_number, inspections.product_id AS inspections_product_id, inspections.production_line AS inspections_production_line, inspections.shift AS inspections_shift, inspections.operator_name AS inspections_operator_name, inspections.review_status AS inspections_review_status, inspections.review_notes AS inspections_review_notes, inspections.created_at AS inspections_created_at, inspections.mongo_metadata_id AS inspections_mongo_metadata_id 
FROM inspections) AS anon_1]
(Background on this error at: https://sqlalche.me/e/20/e3q8)
[2026-07-22 22:25:29,935] INFO [visioninspect:57] - Logging infrastructure initialized successfully.
[2026-07-22 22:25:41,793] INFO [visioninspect.ai:23] - YOLO model loaded successfully from yolov8n.pt.
[2026-07-22 22:25:42,506] INFO [visioninspect.database:50] - Database tables initialized successfully.
[2026-07-22 22:25:43,010] INFO [visioninspect.main:80] - Seeding default admin user.
[2026-07-22 22:25:43,533] INFO [visioninspect.main:101] - Seeding default production lines.
[2026-07-22 22:25:43,565] INFO [visioninspect.main:107] - Seeding simulated historical inspection records in Postgre & Mongo.
[2026-07-22 22:25:43,565] ERROR [visioninspect.main:182] - Error seeding database: name 'random' is not defined
[2026-07-22 22:26:24,322] INFO [visioninspect:57] - Logging infrastructure initialized successfully.
[2026-07-22 22:26:37,021] INFO [visioninspect.ai:23] - YOLO model loaded successfully from yolov8n.pt.
[2026-07-22 22:26:37,715] INFO [visioninspect.database:50] - Database tables initialized successfully.
[2026-07-22 22:26:38,263] INFO [visioninspect.main:81] - Seeding default admin user.
[2026-07-22 22:26:38,724] INFO [visioninspect.main:102] - Seeding default production lines.
[2026-07-22 22:26:38,766] INFO [visioninspect.main:108] - Seeding simulated historical inspection records in Postgre & Mongo.
[2026-07-22 22:26:40,705] INFO [visioninspect.main:179] - Historical seed finished successfully.
[2026-07-22 22:45:41,742] INFO [visioninspect:57] - Logging infrastructure initialized successfully.
[2026-07-22 22:45:46,491] INFO [visioninspect.ai:23] - YOLO model loaded successfully from yolov8n.pt.
[2026-07-22 22:45:46,832] INFO [visioninspect.database:50] - Database tables initialized successfully.
[2026-07-23 00:11:43,618] INFO [visioninspect:57] - Logging infrastructure initialized successfully.
[2026-07-23 00:11:48,508] INFO [visioninspect.ai:23] - YOLO model loaded successfully from yolov8n.pt.
[2026-07-23 00:11:50,385] INFO [visioninspect.database:50] - Database tables initialized successfully.
